
> quotidy@0.1.0 test
> vitest run --coverage


[1m[30m[46m RUN [49m[39m[22m [36mv4.1.5 [39m[90m/home/pierre/quotidy[39m
      [2mCoverage enabled with [22m[33mv8[39m

 [32m✓[39m tests/ui/settings-tabs.test.tsx [2m([22m[2m6 tests[22m[2m)[22m[32m 283[2mms[22m[39m
 [32m✓[39m tests/ui/transfer-sheet.test.tsx [2m([22m[2m1 test[22m[2m)[22m[33m 617[2mms[22m[39m
   [33m[2m✓[22m[39m renders transfer sheet and handles submission correctly [33m 616[2mms[22m[39m
 [32m✓[39m tests/ui/entry-form.test.tsx [2m([22m[2m8 tests[22m[2m)[22m[33m 802[2mms[22m[39m
 [32m✓[39m tests/auth-routes.test.ts [2m([22m[2m6 tests[22m[2m)[22m[32m 19[2mms[22m[39m
 [32m✓[39m tests/csrf.test.ts [2m([22m[2m4 tests[22m[2m)[22m[32m 13[2mms[22m[39m
 [32m✓[39m tests/account-routes.test.ts [2m([22m[2m5 tests[22m[2m)[22m[32m 18[2mms[22m[39m
 [32m✓[39m tests/ui/calculator-manager.test.tsx [2m([22m[2m12 tests[22m[2m)[22m[33m 2333[2mms[22m[39m
     [33m[2m✓[22m[39m navigates through all 4 wizard steps [33m 549[2mms[22m[39m
     [33m[2m✓[22m[39m shows 'Formule invalide' for invalid formula [33m 353[2mms[22m[39m
     [33m[2m✓[22m[39m step 2 variable chips insert into formula [33m 387[2mms[22m[39m
 [32m✓[39m tests/openclaw-integration.test.ts [2m([22m[2m5 tests[22m[2m)[22m[32m 19[2mms[22m[39m
 [32m✓[39m tests/tasks-routes.test.ts [2m([22m[2m1 test[22m[2m)[22m[32m 17[2mms[22m[39m
 [32m✓[39m tests/security.test.ts [2m([22m[2m13 tests[22m[2m)[22m[32m 19[2mms[22m[39m
 [32m✓[39m tests/ui/onboarding-wizard.test.tsx [2m([22m[2m10 tests[22m[2m)[22m[33m 1792[2mms[22m[39m
 [32m✓[39m tests/ui/occurrence-card.test.tsx [2m([22m[2m14 tests[22m[2m)[22m[33m 553[2mms[22m[39m
 [32m✓[39m tests/validation.test.ts [2m([22m[2m6 tests[22m[2m)[22m[32m 19[2mms[22m[39m
 [32m✓[39m tests/push-subscribe-route.test.ts [2m([22m[2m2 tests[22m[2m)[22m[32m 15[2mms[22m[39m
 [32m✓[39m tests/history.test.ts [2m([22m[2m4 tests[22m[2m)[22m[32m 6[2mms[22m[39m
 [32m✓[39m tests/absence-routes.test.ts [2m([22m[2m3 tests[22m[2m)[22m[32m 16[2mms[22m[39m
 [32m✓[39m tests/comments-route.test.ts [2m([22m[2m4 tests[22m[2m)[22m[32m 20[2mms[22m[39m
 [32m✓[39m tests/ui/task-creation-wizard.test.tsx [2m([22m[2m11 tests[22m[2m)[22m[33m 3142[2mms[22m[39m
     [33m[2m✓[22m[39m navigates through all 4 wizard steps [33m 688[2mms[22m[39m
     [33m[2m✓[22m[39m step 2: switching to single task changes step 3 to date picker [33m 309[2mms[22m[39m
     [33m[2m✓[22m[39m step 4: shows assignment modes for recurring tasks [33m 337[2mms[22m[39m
     [33m[2m✓[22m[39m submits task with correct data on final step [33m 569[2mms[22m[39m
 [32m✓[39m tests/savings-currency.test.ts [2m([22m[2m15 tests[22m[2m)[22m[32m 8[2mms[22m[39m
[90mstdout[2m | tests/recalculate-route.test.ts[2m > [22m[2mrecalculate route[2m > [22m[2mreports skipped load into the next rotation when carry_over is selected
[22m[39m{"ts":"2026-05-12T18:01:48.171Z","level":"info","event":"api_household_request","path":"http://localhost:3000/api/households/house-1/recalculate","method":"POST","userId":"user-1","householdId":"house-1"}

[90mstdout[2m | tests/recalculate-route.test.ts[2m > [22m[2mrecalculate route[2m > [22m[2mresets to the normal rotation when no_carry_over is selected
[22m[39m{"ts":"2026-05-12T18:01:48.178Z","level":"info","event":"api_household_request","path":"http://localhost:3000/api/households/house-1/recalculate","method":"POST","userId":"user-1","householdId":"house-1"}

 [32m✓[39m tests/recalculate-route.test.ts [2m([22m[2m2 tests[22m[2m)[22m[32m 18[2mms[22m[39m
 [32m✓[39m tests/utils.test.ts [2m([22m[2m6 tests[22m[2m)[22m[32m 14[2mms[22m[39m
 [32m✓[39m tests/generator.test.ts [2m([22m[2m7 tests[22m[2m)[22m[32m 12[2mms[22m[39m
 [32m✓[39m tests/logger.test.ts [2m([22m[2m4 tests[22m[2m)[22m[32m 9[2mms[22m[39m
 [32m✓[39m tests/task-templates.test.ts [2m([22m[2m5 tests[22m[2m)[22m[32m 8[2mms[22m[39m
 [32m✓[39m tests/savings-formula.test.ts [2m([22m[2m6 tests[22m[2m)[22m[32m 8[2mms[22m[39m
 [32m✓[39m tests/savings-autofill.test.ts [2m([22m[2m6 tests[22m[2m)[22m[32m 11[2mms[22m[39m
 [32m✓[39m tests/household-management.test.ts [2m([22m[2m7 tests[22m[2m)[22m[32m 12[2mms[22m[39m
 [32m✓[39m tests/date-input.test.ts [2m([22m[2m6 tests[22m[2m)[22m[32m 7[2mms[22m[39m
[90mstdout[2m | tests/repro_scheduling.test.ts[2m > [22m[2mreproduction of scheduling issues[2m > [22m[2mshould shift future occurrences when an occurrence is rescheduled (user request)
[22m[39mNext occurrence date with NEW logic: Thu Apr 30 2026

[90mstdout[2m | tests/repro_scheduling.test.ts[2m > [22m[2mreproduction of scheduling issues[2m > [22m[2minvestigates missing 3-day strict alternation task
[22m[39mGenerated 3-day occurrences: [
  [32m'2026-04-19'[39m,
  [32m'2026-04-22'[39m,
  [32m'2026-04-25'[39m,
  [32m'2026-04-28'[39m,
  [32m'2026-05-01'[39m,
  [32m'2026-05-04'[39m,
  [32m'2026-05-07'[39m
]

 [32m✓[39m tests/repro_scheduling.test.ts [2m([22m[2m2 tests[22m[2m)[22m[32m 10[2mms[22m[39m
 [32m✓[39m tests/recurrence.test.ts [2m([22m[2m10 tests[22m[2m)[22m[32m 9[2mms[22m[39m
 [32m✓[39m tests/request.test.ts [2m([22m[2m3 tests[22m[2m)[22m[32m 7[2mms[22m[39m
 [32m✓[39m tests/scheduling-service.test.ts [2m([22m[2m2 tests[22m[2m)[22m[32m 8[2mms[22m[39m
 [32m✓[39m tests/hybrid_scheduling.test.ts [2m([22m[2m6 tests[22m[2m)[22m[32m 12[2mms[22m[39m
 [32m✓[39m tests/assignment.test.ts [2m([22m[2m9 tests[22m[2m)[22m[32m 8[2mms[22m[39m
 [32m✓[39m tests/analytics.test.ts [2m([22m[2m2 tests[22m[2m)[22m[32m 7[2mms[22m[39m
 [32m✓[39m tests/ical-token.test.ts [2m([22m[2m2 tests[22m[2m)[22m[32m 7[2mms[22m[39m
 [32m✓[39m tests/context-sync.test.ts [2m([22m[2m2 tests[22m[2m)[22m[32m 4[2mms[22m[39m
 [32m✓[39m tests/savings.test.ts [2m([22m[2m11 tests[22m[2m)[22m[32m 6[2mms[22m[39m
 [32m✓[39m tests/experience.test.ts [2m([22m[2m3 tests[22m[2m)[22m[32m 6[2mms[22m[39m
 [32m✓[39m tests/savings-calculators.test.ts [2m([22m[2m4 tests[22m[2m)[22m[32m 4[2mms[22m[39m
 [32m✓[39m tests/relative-date.test.ts [2m([22m[2m7 tests[22m[2m)[22m[32m 6[2mms[22m[39m

[2m Test Files [22m [1m[32m41 passed[39m[22m[90m (41)[39m
[2m      Tests [22m [1m[32m242 passed[39m[22m[90m (242)[39m
[2m   Start at [22m 20:01:42
[2m   Duration [22m 9.81s[2m (transform 1.92s, setup 6.33s, import 32.02s, tests 9.90s, environment 4.03s)[22m

[34m % [39m[2mCoverage report from [22m[33mv8[39m
-------------------|---------|----------|---------|---------|-------------------
File               | % Stmts | % Branch | % Funcs | % Lines | Uncovered Line #s 
-------------------|---------|----------|---------|---------|-------------------
All files          |   51.91 |    40.67 |   53.68 |    52.7 |                   
 lib               |   40.86 |    32.49 |   45.08 |   41.16 |                   
  admin.ts         |       0 |        0 |       0 |       0 | 11-38             
  analytics.ts     |   58.69 |    42.85 |   83.33 |    57.5 | 100-125           
  api.ts           |   82.85 |       60 |   83.33 |   82.85 | 27-34,48,83,91    
  auth.ts          |       0 |        0 |       0 |       0 | 11-143            
  billing.ts       |       0 |        0 |       0 |       0 | 5-71              
  brand.ts         |       0 |        0 |     100 |       0 | 1-3               
  colors.ts        |       0 |        0 |       0 |       0 | 2-12              
  constants.ts     |     100 |      100 |     100 |     100 |                   
  context-sync.ts  |      80 |     87.5 |     100 |      80 | 20-21             
  date-input.ts    |     100 |      100 |     100 |     100 |                   
  db.ts            |     100 |    66.66 |     100 |     100 | 10-13             
  experience.ts    |   88.46 |       60 |     100 |      88 | 49-53             
  history-feed.ts  |       0 |        0 |       0 |       0 | 8-55              
  history.ts       |      65 |    37.73 |     100 |   63.15 | ...95-104,108-114 
  holidays.ts      |       0 |        0 |       0 |       0 | 19-87             
  ...management.ts |   71.21 |    60.97 |      75 |   72.13 | ...04,216,276,283 
  ...monitoring.ts |       0 |        0 |       0 |       0 | 14-187            
  households.ts    |     3.7 |     7.69 |   14.28 |     3.7 | 27-158            
  ical-token.ts    |   95.65 |    94.11 |     100 |     100 | 38                
  logger.ts        |     100 |      100 |     100 |     100 |                   
  mailer.ts        |       0 |        0 |       0 |       0 | 8-60              
  observability.ts |    62.5 |    16.66 |     100 |   57.14 | 30-33             
  push.ts          |       0 |        0 |       0 |       0 | 15-76             
  relative-date.ts |     100 |    92.59 |     100 |     100 | 16,36-37,59       
  request.ts       |   88.37 |    78.78 |     100 |   88.37 | 23,41-43,92,96    
  room-icons.tsx   |      75 |       50 |     100 |   85.71 | 106               
  ...ng-session.ts |       0 |        0 |       0 |       0 | 6-79              
  ...-templates.ts |     100 |      100 |     100 |     100 |                   
  time.ts          |   88.88 |      100 |      80 |   88.88 | 32                
  ...orm-action.ts |       0 |        0 |       0 |       0 | 1-126             
  ...ng-session.ts |       0 |        0 |       0 |       0 | 1-267             
  use-ux-event.ts  |       0 |        0 |       0 |       0 | 1-36              
  utils.ts         |     100 |      100 |     100 |     100 |                   
  validation.ts    |      75 |    23.25 |   53.12 |   74.13 | ...95,221-224,261 
 lib/integrations  |   62.74 |    24.22 |    67.5 |   62.41 |                   
  auth.ts          |   59.52 |    39.28 |   88.88 |   59.52 | ...83,110,116,122 
  ...aw-mappers.ts |   78.26 |    41.46 |      80 |      75 | 16,26-27,131,164  
  openclaw.ts      |   54.05 |    14.04 |      40 |   54.79 | ...99,466-486,502 
  types.ts         |       0 |        0 |       0 |       0 |                   
  validation.ts    |   92.85 |       50 |     100 |   92.85 | 11                
 lib/savings       |    67.2 |     60.8 |   64.44 |   70.17 |                   
  calculators.ts   |   26.31 |    23.07 |      30 |   27.77 | 41,69-215         
  currency.ts      |   95.45 |    93.75 |     100 |     100 | 48                
  formula.ts       |   96.87 |    95.87 |     100 |   99.18 | 205               
  service.ts       |   47.57 |    37.64 |   35.71 |   51.64 | ...,64-93,215-356 
  templates.ts     |       0 |      100 |     100 |       0 | 12                
 lib/scheduling    |   61.13 |    50.26 |   66.19 |    61.2 |                   
  assignment.ts    |   89.23 |       80 |     100 |   89.47 | 69,73,112,156-160 
  generator.ts     |      94 |    96.96 |     100 |   93.61 | 51-52,87          
  mappers.ts       |   26.66 |    11.11 |   26.66 |      25 | 18-21,48-121      
  recurrence.ts    |   76.51 |    63.84 |      75 |   76.92 | ...13,228-253,286 
  service.ts       |   20.96 |    14.78 |   28.57 |   21.66 | ...88,318-648,677 
  types.ts         |       0 |        0 |       0 |       0 |                   
-------------------|---------|----------|---------|---------|-------------------
